WARNING: A restricted method in java.lang.System has been called
WARNING: java.lang.System::load has been called by org.fusesource.jansi.internal.JansiLoader in an unnamed module (file:/C:/Program%20Files/apache-maven-3.9.9/lib/jansi-2.4.1.jar)
WARNING: Use --enable-native-access=ALL-UNNAMED to avoid a warning for callers in this module
WARNING: Restricted methods will be blocked in a future release unless native access is enabled

WARNING: A terminally deprecated method in sun.misc.Unsafe has been called
WARNING: sun.misc.Unsafe::objectFieldOffset has been called by com.google.common.util.concurrent.AbstractFuture$UnsafeAtomicHelper (file:/C:/Program%20Files/apache-maven-3.9.9/lib/guava-33.2.1-jre.jar)
WARNING: Please consider reporting this to the maintainers of class com.google.common.util.concurrent.AbstractFuture$UnsafeAtomicHelper
WARNING: sun.misc.Unsafe::objectFieldOffset will be removed in a future release
WARNING: Final field _cipher in class org.sonatype.plexus.components.sec.dispatcher.DefaultSecDispatcher has been mutated reflectively by class org.eclipse.sisu.bean.BeanPropertyField in unnamed module @5af97850 (file:/C:/Program%20Files/apache-maven-3.9.9/lib/org.eclipse.sisu.inject-0.9.0.M3.jar)
WARNING: Use --enable-final-field-mutation=ALL-UNNAMED to avoid a warning
WARNING: Mutating final fields will be blocked in a future release unless final field mutation is enabled
[INFO] Scanning for projects...
[INFO] 
[INFO] --< com.webcodein.workshop.architecture:kafka-transactional-outbox-spring-boot-4 >--
[INFO] Building kafka-transactional-outbox-spring-boot-4 1.0.0-SNAPSHOT
[INFO]   from pom.xml
[INFO] --------------------------------[ jar ]---------------------------------
[INFO] 
[INFO] --- clean:3.5.0:clean (default-clean) @ kafka-transactional-outbox-spring-boot-4 ---
[INFO] Deleting C:\Users\salaheddine.tobok\IdeaProjects\learn.webcodein.com\workshop\architecture\kafka-transactional-outbox-spring-boot-4\target
[INFO] 
[INFO] --- resources:3.3.1:resources (default-resources) @ kafka-transactional-outbox-spring-boot-4 ---
[INFO] skip non existing resourceDirectory C:\Users\salaheddine.tobok\IdeaProjects\learn.webcodein.com\workshop\architecture\kafka-transactional-outbox-spring-boot-4\src\main\resources
[INFO] skip non existing resourceDirectory C:\Users\salaheddine.tobok\IdeaProjects\learn.webcodein.com\workshop\architecture\kafka-transactional-outbox-spring-boot-4\src\main\resources
[INFO] 
[INFO] --- compiler:3.14.1:compile (default-compile) @ kafka-transactional-outbox-spring-boot-4 ---
[INFO] Recompiling the module because of changed source code.
[INFO] Compiling 1 source file with javac [debug parameters release 25] to target\classes
[INFO] 
[INFO] --- resources:3.3.1:testResources (default-testResources) @ kafka-transactional-outbox-spring-boot-4 ---
[INFO] skip non existing resourceDirectory C:\Users\salaheddine.tobok\IdeaProjects\learn.webcodein.com\workshop\architecture\kafka-transactional-outbox-spring-boot-4\src\test\resources
[INFO] 
[INFO] --- compiler:3.14.1:testCompile (default-testCompile) @ kafka-transactional-outbox-spring-boot-4 ---
[INFO] Recompiling the module because of changed dependency.
[INFO] Compiling 1 source file with javac [debug parameters release 25] to target\test-classes
[INFO] 
[INFO] --- surefire:3.5.4:test (default-test) @ kafka-transactional-outbox-spring-boot-4 ---
[INFO] Using auto detected provider org.apache.maven.surefire.junitplatform.JUnitPlatformProvider
[INFO] 
[INFO] -------------------------------------------------------
[INFO]  T E S T S
[INFO] -------------------------------------------------------
[INFO] Running com.webcodein.workshop.architecture.outbox.OutboxApplicationTests
23:43:12.259 [main] INFO org.springframework.test.context.support.AnnotationConfigContextLoaderUtils -- Could not detect default configuration classes for test class [com.webcodein.workshop.architecture.outbox.OutboxApplicationTests]: OutboxApplicationTests does not declare any static, non-private, non-final, nested classes annotated with @Configuration.
23:43:12.367 [main] INFO org.testcontainers.images.PullPolicy -- Image pull policy will be performed by: DefaultPullPolicy()
23:43:12.372 [main] INFO org.testcontainers.utility.ImageNameSubstitutor -- Image name substitution will be performed by: DefaultImageNameSubstitutor (composite of 'ConfigurationFileImageNameSubstitutor' and 'PrefixingImageNameSubstitutor')
23:43:12.486 [main] INFO org.testcontainers.DockerClientFactory -- Testcontainers version: 2.0.2
23:43:12.850 [main] INFO org.testcontainers.dockerclient.DockerClientProviderStrategy -- Loaded org.testcontainers.dockerclient.NpipeSocketClientProviderStrategy from ~/.testcontainers.properties, will try it first
23:43:13.450 [main] INFO org.testcontainers.dockerclient.DockerClientProviderStrategy -- Found Docker environment with local Npipe socket (npipe:////./pipe/docker_engine)
23:43:13.452 [main] INFO org.testcontainers.DockerClientFactory -- Docker host IP address is localhost
23:43:13.481 [main] INFO org.testcontainers.DockerClientFactory -- Connected to docker: 
  Server Version: 29.7.2
  API Version: 1.55
  Operating System: Docker Desktop
  Total Memory: 15841 MB
  Labels: 
    com.docker.desktop.address=npipe://\\.\pipe\docker_cli
23:43:13.490 [main] INFO org.testcontainers.DockerClientFactory -- Checking the system...
23:43:13.491 [main] INFO org.testcontainers.DockerClientFactory -- ?? Docker server version should be at least 1.6.0
23:43:14.211 [main] INFO org.springframework.boot.test.context.SpringBootTestContextBootstrapper -- Found @SpringBootConfiguration com.webcodein.workshop.architecture.outbox.OutboxApplication for test class com.webcodein.workshop.architecture.outbox.OutboxApplicationTests
23:43:14.328 [main] INFO tc.apache/kafka-native:3.8.0 -- Creating container for image: apache/kafka-native:3.8.0
23:43:14.555 [main] INFO org.testcontainers.utility.RegistryAuthLocator -- Credential helper/store (docker-credential-desktop) does not have credentials for https://index.docker.io/v1/
23:43:14.563 [main] INFO tc.testcontainers/ryuk:0.13.0 -- Creating container for image: testcontainers/ryuk:0.13.0
23:43:14.719 [main] INFO tc.testcontainers/ryuk:0.13.0 -- Container testcontainers/ryuk:0.13.0 is starting: 66beab60401bab9401887f4e461fd7bd7d4b8f3183dadd5bb89948ae3a2e5931
23:43:15.464 [main] INFO tc.testcontainers/ryuk:0.13.0 -- Container testcontainers/ryuk:0.13.0 started in PT0.9015804S
23:43:15.626 [main] INFO tc.apache/kafka-native:3.8.0 -- Container apache/kafka-native:3.8.0 is starting: f5ea80758cba87e6d60284ca44bf1fadd7e838b124d2c2a80f8426c59c72ef95
23:43:16.849 [main] INFO tc.apache/kafka-native:3.8.0 -- Container apache/kafka-native:3.8.0 started in PT2.5216097S
23:43:16.851 [main] INFO tc.postgres:16-alpine -- Creating container for image: postgres:16-alpine
23:43:17.032 [main] INFO tc.postgres:16-alpine -- Container postgres:16-alpine is starting: 37dfebc98eba445b67dcbbfa941c675a62b83ea065942506f909baa8b78e19f8
23:43:18.977 [main] INFO tc.postgres:16-alpine -- Container postgres:16-alpine started in PT2.1261195S
23:43:18.979 [main] INFO tc.postgres:16-alpine -- Container is started (JDBC URL: jdbc:postgresql://localhost:50669/test?loggerLevel=OFF)

  .   ____          _            __ _ _
 /\\ / ___'_ __ _ _(_)_ __  __ _ \ \ \ \
( ( )\___ | '_ | '_| | '_ \/ _` | \ \ \ \
 \\/  ___)| |_)| | | | | || (_| |  ) ) ) )
  '  |____| .__|_| |_|_| |_\__, | / / / /
 =========|_|==============|___/=/_/_/_/

 :: Spring Boot ::                (v4.0.0)

2026-10-02T23:43:19.415+01:00  INFO 3700 --- [           main] c.w.w.a.outbox.OutboxApplicationTests    : Starting OutboxApplicationTests using Java 27 with PID 3700 (started by salaheddine.tobok in C:\Users\salaheddine.tobok\IdeaProjects\learn.webcodein.com\workshop\architecture\kafka-transactional-outbox-spring-boot-4)
2026-10-02T23:43:19.419+01:00  INFO 3700 --- [           main] c.w.w.a.outbox.OutboxApplicationTests    : No active profile set, falling back to 1 default profile: "default"
2026-10-02T23:43:20.408+01:00  INFO 3700 --- [           main] .s.d.r.c.RepositoryConfigurationDelegate : Bootstrapping Spring Data JPA repositories in DEFAULT mode.
2026-10-02T23:43:20.452+01:00  INFO 3700 --- [           main] .s.d.r.c.RepositoryConfigurationDelegate : Finished Spring Data repository scanning in 21 ms. Found 0 JPA repository interfaces.
2026-10-02T23:43:21.207+01:00  INFO 3700 --- [           main] com.zaxxer.hikari.HikariDataSource       : HikariPool-1 - Starting...
2026-10-02T23:43:21.427+01:00  INFO 3700 --- [           main] com.zaxxer.hikari.pool.HikariPool        : HikariPool-1 - Added connection org.postgresql.jdbc.PgConnection@85cd413
2026-10-02T23:43:21.431+01:00  INFO 3700 --- [           main] com.zaxxer.hikari.HikariDataSource       : HikariPool-1 - Start completed.
2026-10-02T23:43:21.481+01:00  INFO 3700 --- [           main] o.hibernate.jpa.internal.util.LogHelper  : HHH000204: Processing PersistenceUnitInfo [name: default]
2026-10-02T23:43:21.601+01:00  INFO 3700 --- [           main] org.hibernate.Version                    : HHH000412: Hibernate ORM core version 7.1.8.Final
2026-10-02T23:43:22.263+01:00  INFO 3700 --- [           main] o.s.o.j.p.SpringPersistenceUnitInfo      : No LoadTimeWeaver setup: ignoring JPA class transformer
2026-10-02T23:43:22.394+01:00  INFO 3700 --- [           main] org.hibernate.orm.connections.pooling    : HHH10001005: Database info:
	Database JDBC URL [jdbc:postgresql://localhost:50669/test?loggerLevel=OFF]
	Database driver: PostgreSQL JDBC Driver
	Database dialect: PostgreSQLDialect
	Database version: 16.15
	Default catalog/schema: test/public
	Autocommit mode: undefined/unknown
	Isolation level: READ_COMMITTED [default READ_COMMITTED]
	JDBC fetch size: none
	Pool: DatasourceConnectionProviderImpl
	Minimum pool size: undefined/unknown
	Maximum pool size: undefined/unknown
2026-10-02T23:43:22.770+01:00  INFO 3700 --- [           main] o.h.e.t.j.p.i.JtaPlatformInitiator       : HHH000489: No JTA platform available (set 'hibernate.transaction.jta.platform' to enable JTA platform integration)
2026-10-02T23:43:22.783+01:00  INFO 3700 --- [           main] j.LocalContainerEntityManagerFactoryBean : Initialized JPA EntityManagerFactory for persistence unit 'default'
2026-10-02T23:43:22.903+01:00  WARN 3700 --- [           main] JpaBaseConfiguration$JpaWebConfiguration : spring.jpa.open-in-view is enabled by default. Therefore, database queries may be performed during view rendering. Explicitly configure spring.jpa.open-in-view to disable this warning
2026-10-02T23:43:23.732+01:00  INFO 3700 --- [           main] c.w.w.a.outbox.OutboxApplicationTests    : Started OutboxApplicationTests in 4.658 seconds (process running for 12.825)
Mockito is currently self-attaching to enable the inline-mock-maker. This will no longer work in future releases of the JDK. Please add Mockito as an agent to your build as described in Mockito's documentation: https://javadoc.io/doc/org.mockito/mockito-core/latest/org.mockito/org/mockito/Mockito.html#0.3
OpenJDK 64-Bit Server VM warning: Sharing is only supported for boot loader classes because bootstrap classpath has been appended
WARNING: A Java agent has been loaded dynamically (C:\Users\salaheddine.tobok\.m2\repository\net\bytebuddy\byte-buddy-agent\1.17.8\byte-buddy-agent-1.17.8.jar)
WARNING: If a serviceability tool is in use, please run with -XX:+EnableDynamicAgentLoading to hide this warning
WARNING: If a serviceability tool is not in use, please run with -Djdk.instrument.traceUsage for more information
WARNING: Dynamic loading of agents will be disallowed by default in a future release
[INFO] Tests run: 1, Failures: 0, Errors: 0, Skipped: 0, Time elapsed: 13.83 s -- in com.webcodein.workshop.architecture.outbox.OutboxApplicationTests
2026-10-02T23:43:25.937+01:00  INFO 3700 --- [           main] GlobalEmbeddedKafkaTestExecutionListener : Stopped global Embedded Kafka.
[INFO] 
[INFO] Results:
[INFO] 
[INFO] Tests run: 1, Failures: 0, Errors: 0, Skipped: 0
[INFO] 
[INFO] 
[INFO] --- jar:3.4.2:jar (default-jar) @ kafka-transactional-outbox-spring-boot-4 ---
[INFO] Building jar: C:\Users\salaheddine.tobok\IdeaProjects\learn.webcodein.com\workshop\architecture\kafka-transactional-outbox-spring-boot-4\target\kafka-transactional-outbox-spring-boot-4-1.0.0-SNAPSHOT.jar
[INFO] 
[INFO] --- spring-boot:4.0.0:repackage (repackage) @ kafka-transactional-outbox-spring-boot-4 ---
[INFO] Replacing main artifact C:\Users\salaheddine.tobok\IdeaProjects\learn.webcodein.com\workshop\architecture\kafka-transactional-outbox-spring-boot-4\target\kafka-transactional-outbox-spring-boot-4-1.0.0-SNAPSHOT.jar with repackaged archive, adding nested dependencies in BOOT-INF/.
[INFO] The original artifact has been renamed to C:\Users\salaheddine.tobok\IdeaProjects\learn.webcodein.com\workshop\architecture\kafka-transactional-outbox-spring-boot-4\target\kafka-transactional-outbox-spring-boot-4-1.0.0-SNAPSHOT.jar.original
[INFO] ------------------------------------------------------------------------
[INFO] BUILD SUCCESS
[INFO] ------------------------------------------------------------------------
[INFO] Total time:  19.499 s
[INFO] Finished at: 2026-10-02T23:43:27+01:00
[INFO] ------------------------------------------------------------------------
