WARNING: A restricted method in java.lang.System has been called
WARNING: java.lang.System::load has been called by org.fusesource.jansi.internal.JansiLoader in an unnamed module (file:/C:/Program%20Files/apache-maven-3.9.9/lib/jansi-2.4.1.jar)
WARNING: Use --enable-native-access=ALL-UNNAMED to avoid a warning for callers in this module
WARNING: Restricted methods will be blocked in a future release unless native access is enabled

WARNING: A terminally deprecated method in sun.misc.Unsafe has been called
WARNING: sun.misc.Unsafe::objectFieldOffset has been called by com.google.common.util.concurrent.AbstractFuture$UnsafeAtomicHelper (file:/C:/Program%20Files/apache-maven-3.9.9/lib/guava-33.2.1-jre.jar)
WARNING: Please consider reporting this to the maintainers of class com.google.common.util.concurrent.AbstractFuture$UnsafeAtomicHelper
WARNING: sun.misc.Unsafe::objectFieldOffset will be removed in a future release
WARNING: Final field _cipher in class org.sonatype.plexus.components.sec.dispatcher.DefaultSecDispatcher has been mutated reflectively by class org.eclipse.sisu.bean.BeanPropertyField in unnamed module @5af97850 (file:/C:/Program%20Files/apache-maven-3.9.9/lib/org.eclipse.sisu.inject-0.9.0.M3.jar)
WARNING: Use --enable-final-field-mutation=ALL-UNNAMED to avoid a warning
WARNING: Mutating final fields will be blocked in a future release unless final field mutation is enabled
[INFO] Scanning for projects...
[INFO] 
[INFO] ----------------< com.webcodein.data:jakarta-data-demo >----------------
[INFO] Building jakarta-data-demo 0.0.1-SNAPSHOT
[INFO]   from pom.xml
[INFO] --------------------------------[ jar ]---------------------------------
[INFO] 
[INFO] --- clean:3.2.0:clean (default-clean) @ jakarta-data-demo ---
[INFO] Deleting C:\Users\salaheddine.tobok\IdeaProjects\learn.webcodein.com\workshop\persistence\jakarta-data-1-0-vs-spring-data\target
[INFO] 
[INFO] --- resources:3.3.1:resources (default-resources) @ jakarta-data-demo ---
[INFO] skip non existing resourceDirectory C:\Users\salaheddine.tobok\IdeaProjects\learn.webcodein.com\workshop\persistence\jakarta-data-1-0-vs-spring-data\src\main\resources
[INFO] 
[INFO] --- compiler:3.13.0:compile (default-compile) @ jakarta-data-demo ---
[INFO] Recompiling the module because of changed source code.
[INFO] Compiling 4 source files with javac [debug release 21] to target\classes
?????? 02, 2026 11:47:43 ? org.hibernate.Version logVersion
INFO: HHH000412: Hibernate ORM core version 7.1.0.Final
[INFO] Hibernate compile-time tooling 7.1.0.Final
[INFO] /C:/Users/salaheddine.tobok/IdeaProjects/learn.webcodein.com/workshop/persistence/jakarta-data-1-0-vs-spring-data/target/generated-sources/annotations/com/webcodein/data/ProductRepository_.java: Some input files use unchecked or unsafe operations.
[INFO] /C:/Users/salaheddine.tobok/IdeaProjects/learn.webcodein.com/workshop/persistence/jakarta-data-1-0-vs-spring-data/target/generated-sources/annotations/com/webcodein/data/ProductRepository_.java: Recompile with -Xlint:unchecked for details.
[INFO] 
[INFO] --- resources:3.3.1:testResources (default-testResources) @ jakarta-data-demo ---
[INFO] skip non existing resourceDirectory C:\Users\salaheddine.tobok\IdeaProjects\learn.webcodein.com\workshop\persistence\jakarta-data-1-0-vs-spring-data\src\test\resources
[INFO] 
[INFO] --- compiler:3.13.0:testCompile (default-testCompile) @ jakarta-data-demo ---
[INFO] Recompiling the module because of changed dependency.
[INFO] Compiling 1 source file with javac [debug release 21] to target\test-classes
[INFO] Hibernate compile-time tooling 7.1.0.Final
[INFO] 
[INFO] --- surefire:3.5.2:test (default-test) @ jakarta-data-demo ---
[INFO] Using auto detected provider org.apache.maven.surefire.junitplatform.JUnitPlatformProvider
[INFO] 
[INFO] -------------------------------------------------------
[INFO]  T E S T S
[INFO] -------------------------------------------------------
[INFO] Running com.webcodein.data.JakartaDataRepositoriesTest
?????? 02, 2026 11:47:46 ? org.hibernate.Version logVersion
INFO: HHH000412: Hibernate ORM core version 7.1.0.Final
?????? 02, 2026 11:47:46 ? org.hibernate.engine.jdbc.connections.internal.DriverManagerConnectionProviderImpl configure
WARN: HHH10001002: Using built-in connection pool (not intended for production use)
?????? 02, 2026 11:47:46 ? org.hibernate.engine.jdbc.env.internal.JdbcEnvironmentInitiator logConnectionInfo
INFO: HHH10001005: Database info:
	Database JDBC URL [jdbc:h2:mem:workshop;DB_CLOSE_DELAY=-1]
	Database driver: H2 JDBC Driver
	Database dialect: H2Dialect
	Database version: 2.3.232
	Default catalog/schema: WORKSHOP/PUBLIC
	Autocommit mode: false
	Isolation level: READ_COMMITTED
	JDBC fetch size: 100
	Pool: DriverManagerConnectionProviderImpl
	Minimum pool size: 1
	Maximum pool size: 20
?????? 02, 2026 11:47:48 ? org.hibernate.engine.transaction.jta.platform.internal.JtaPlatformInitiator initiateService
INFO: HHH000489: No JTA platform available (set 'hibernate.transaction.jta.platform' to enable JTA platform integration)
[INFO] Tests run: 2, Failures: 0, Errors: 0, Skipped: 0, Time elapsed: 3.188 s -- in com.webcodein.data.JakartaDataRepositoriesTest
[INFO] 
[INFO] Results:
[INFO] 
[INFO] Tests run: 2, Failures: 0, Errors: 0, Skipped: 0
[INFO] 
[INFO] 
[INFO] --- jar:3.4.1:jar (default-jar) @ jakarta-data-demo ---
[INFO] Building jar: C:\Users\salaheddine.tobok\IdeaProjects\learn.webcodein.com\workshop\persistence\jakarta-data-1-0-vs-spring-data\target\jakarta-data-demo-0.0.1-SNAPSHOT.jar
[INFO] ------------------------------------------------------------------------
[INFO] BUILD SUCCESS
[INFO] ------------------------------------------------------------------------
[INFO] Total time:  8.019 s
[INFO] Finished at: 2026-10-02T23:47:49+01:00
[INFO] ------------------------------------------------------------------------
