WARNING: A restricted method in java.lang.System has been called
WARNING: java.lang.System::load has been called by org.fusesource.jansi.internal.JansiLoader in an unnamed module (file:/C:/Program%20Files/apache-maven-3.9.9/lib/jansi-2.4.1.jar)
WARNING: Use --enable-native-access=ALL-UNNAMED to avoid a warning for callers in this module
WARNING: Restricted methods will be blocked in a future release unless native access is enabled

WARNING: A terminally deprecated method in sun.misc.Unsafe has been called
WARNING: sun.misc.Unsafe::objectFieldOffset has been called by com.google.common.util.concurrent.AbstractFuture$UnsafeAtomicHelper (file:/C:/Program%20Files/apache-maven-3.9.9/lib/guava-33.2.1-jre.jar)
WARNING: Please consider reporting this to the maintainers of class com.google.common.util.concurrent.AbstractFuture$UnsafeAtomicHelper
WARNING: sun.misc.Unsafe::objectFieldOffset will be removed in a future release
WARNING: Final field _cipher in class org.sonatype.plexus.components.sec.dispatcher.DefaultSecDispatcher has been mutated reflectively by class org.eclipse.sisu.bean.BeanPropertyField in unnamed module @17c386de (file:/C:/Program%20Files/apache-maven-3.9.9/lib/org.eclipse.sisu.inject-0.9.0.M3.jar)
WARNING: Use --enable-final-field-mutation=ALL-UNNAMED to avoid a warning
WARNING: Mutating final fields will be blocked in a future release unless final field mutation is enabled
[INFO] Scanning for projects...
[INFO] 
[INFO] ------------< com.webcodein.workshop:refactoring-hexagonal >------------
[INFO] Building refactoring-hexagonal 0.0.1-SNAPSHOT
[INFO]   from pom.xml
[INFO] --------------------------------[ jar ]---------------------------------
[INFO] 
[INFO] --- clean:3.5.0:clean (default-clean) @ refactoring-hexagonal ---
[INFO] Deleting C:\Users\salaheddine.tobok\IdeaProjects\learn.webcodein.com\workshop\architecture\refactoring-legacy-spring-boot-to-hexagonal-architecture\target
[INFO] 
[INFO] --- resources:3.3.1:resources (default-resources) @ refactoring-hexagonal ---
[INFO] Copying 1 resource from src\main\resources to target\classes
[INFO] Copying 0 resource from src\main\resources to target\classes
[INFO] 
[INFO] --- compiler:3.14.0:compile (default-compile) @ refactoring-hexagonal ---
[INFO] Recompiling the module because of changed source code.
[INFO] Compiling 13 source files with javac [debug parameters release 25] to target\classes
[INFO] 
[INFO] --- resources:3.3.1:testResources (default-testResources) @ refactoring-hexagonal ---
[INFO] skip non existing resourceDirectory C:\Users\salaheddine.tobok\IdeaProjects\learn.webcodein.com\workshop\architecture\refactoring-legacy-spring-boot-to-hexagonal-architecture\src\test\resources
[INFO] 
[INFO] --- compiler:3.14.0:testCompile (default-testCompile) @ refactoring-hexagonal ---
[INFO] Recompiling the module because of changed dependency.
[INFO] Compiling 1 source file with javac [debug parameters release 25] to target\test-classes
[INFO] 
[INFO] --- surefire:3.5.3:test (default-test) @ refactoring-hexagonal ---
[INFO] Using auto detected provider org.apache.maven.surefire.junitplatform.JUnitPlatformProvider
[INFO] 
[INFO] -------------------------------------------------------
[INFO]  T E S T S
[INFO] -------------------------------------------------------
[INFO] Running com.webcodein.workshop.ApplicationTests
23:44:03.932 [main] INFO org.springframework.test.context.support.AnnotationConfigContextLoaderUtils -- Could not detect default configuration classes for test class [com.webcodein.workshop.ApplicationTests]: ApplicationTests does not declare any static, non-private, non-final, nested classes annotated with @Configuration.
23:44:04.203 [main] INFO org.springframework.boot.test.context.SpringBootTestContextBootstrapper -- Found @SpringBootConfiguration com.webcodein.workshop.Application for test class com.webcodein.workshop.ApplicationTests

  .   ____          _            __ _ _
 /\\ / ___'_ __ _ _(_)_ __  __ _ \ \ \ \
( ( )\___ | '_ | '_| | '_ \/ _` | \ \ \ \
 \\/  ___)| |_)| | | | | || (_| |  ) ) ) )
  '  |____| .__|_| |_|_| |_\__, | / / / /
 =========|_|==============|___/=/_/_/_/

 :: Spring Boot ::             (v4.0.0-M1)

2026-10-02T23:44:04.885+01:00  INFO 12884 --- [           main] c.webcodein.workshop.ApplicationTests    : Starting ApplicationTests using Java 27 with PID 12884 (started by salaheddine.tobok in C:\Users\salaheddine.tobok\IdeaProjects\learn.webcodein.com\workshop\architecture\refactoring-legacy-spring-boot-to-hexagonal-architecture)
2026-10-02T23:44:04.889+01:00  INFO 12884 --- [           main] c.webcodein.workshop.ApplicationTests    : No active profile set, falling back to 1 default profile: "default"
2026-10-02T23:44:06.124+01:00  INFO 12884 --- [           main] .s.d.r.c.RepositoryConfigurationDelegate : Bootstrapping Spring Data JPA repositories in DEFAULT mode.
2026-10-02T23:44:06.282+01:00  INFO 12884 --- [           main] .s.d.r.c.RepositoryConfigurationDelegate : Finished Spring Data repository scanning in 141 ms. Found 2 JPA repository interfaces.
2026-10-02T23:44:06.850+01:00  INFO 12884 --- [           main] o.hibernate.jpa.internal.util.LogHelper  : HHH000204: Processing PersistenceUnitInfo [name: default]
2026-10-02T23:44:06.937+01:00  INFO 12884 --- [           main] org.hibernate.Version                    : HHH000412: Hibernate ORM core version 7.0.7.Final
2026-10-02T23:44:07.972+01:00  INFO 12884 --- [           main] o.s.o.j.p.SpringPersistenceUnitInfo      : No LoadTimeWeaver setup: ignoring JPA class transformer
2026-10-02T23:44:08.040+01:00  INFO 12884 --- [           main] com.zaxxer.hikari.HikariDataSource       : HikariPool-1 - Starting...
2026-10-02T23:44:08.398+01:00  INFO 12884 --- [           main] com.zaxxer.hikari.pool.HikariPool        : HikariPool-1 - Added connection conn0: url=jdbc:h2:mem:testdb user=SA
2026-10-02T23:44:08.400+01:00  INFO 12884 --- [           main] com.zaxxer.hikari.HikariDataSource       : HikariPool-1 - Start completed.
2026-10-02T23:44:08.425+01:00  WARN 12884 --- [           main] org.hibernate.orm.deprecation            : HHH90000025: H2Dialect does not need to be specified explicitly using 'hibernate.dialect' (remove the property setting and it will be selected by default)
2026-10-02T23:44:08.448+01:00  INFO 12884 --- [           main] org.hibernate.orm.connections.pooling    : HHH10001005: Database info:
	Database JDBC URL [jdbc:h2:mem:testdb]
	Database driver: H2 JDBC Driver
	Database version: 2.3.232
	Autocommit mode: undefined/unknown
	Isolation level: READ_COMMITTED [default READ_COMMITTED]
	Pool: DatasourceConnectionProviderImpl
	Minimum pool size: undefined/unknown
	Maximum pool size: undefined/unknown
2026-10-02T23:44:09.319+01:00  INFO 12884 --- [           main] o.h.e.t.j.p.i.JtaPlatformInitiator       : HHH000489: No JTA platform available (set 'hibernate.transaction.jta.platform' to enable JTA platform integration)
2026-10-02T23:44:09.378+01:00  INFO 12884 --- [           main] j.LocalContainerEntityManagerFactoryBean : Initialized JPA EntityManagerFactory for persistence unit 'default'
2026-10-02T23:44:09.528+01:00  INFO 12884 --- [           main] o.s.d.j.r.query.QueryEnhancerFactories   : Hibernate is in classpath; If applicable, HQL parser will be used.
2026-10-02T23:44:10.014+01:00  WARN 12884 --- [           main] JpaBaseConfiguration$JpaWebConfiguration : spring.jpa.open-in-view is enabled by default. Therefore, database queries may be performed during view rendering. Explicitly configure spring.jpa.open-in-view to disable this warning
2026-10-02T23:44:10.900+01:00  INFO 12884 --- [           main] o.s.b.t.m.w.SpringBootMockServletContext : Initializing Spring TestDispatcherServlet ''
2026-10-02T23:44:10.901+01:00  INFO 12884 --- [           main] o.s.t.web.servlet.TestDispatcherServlet  : Initializing Servlet ''
2026-10-02T23:44:10.905+01:00  INFO 12884 --- [           main] o.s.t.web.servlet.TestDispatcherServlet  : Completed initialization in 3 ms
2026-10-02T23:44:11.038+01:00  INFO 12884 --- [           main] c.webcodein.workshop.ApplicationTests    : Started ApplicationTests in 6.59 seconds (process running for 8.574)
Mockito is currently self-attaching to enable the inline-mock-maker. This will no longer work in future releases of the JDK. Please add Mockito as an agent to your build as described in Mockito's documentation: https://javadoc.io/doc/org.mockito/mockito-core/latest/org.mockito/org/mockito/Mockito.html#0.3
OpenJDK 64-Bit Server VM warning: Sharing is only supported for boot loader classes because bootstrap classpath has been appended
WARNING: A Java agent has been loaded dynamically (C:\Users\salaheddine.tobok\.m2\repository\net\bytebuddy\byte-buddy-agent\1.17.6\byte-buddy-agent-1.17.6.jar)
WARNING: If a serviceability tool is in use, please run with -XX:+EnableDynamicAgentLoading to hide this warning
WARNING: If a serviceability tool is not in use, please run with -Djdk.instrument.traceUsage for more information
WARNING: Dynamic loading of agents will be disallowed by default in a future release
[INFO] Tests run: 2, Failures: 0, Errors: 0, Skipped: 0, Time elapsed: 8.565 s -- in com.webcodein.workshop.ApplicationTests
[INFO] 
[INFO] Results:
[INFO] 
[INFO] Tests run: 2, Failures: 0, Errors: 0, Skipped: 0
[INFO] 
[INFO] 
[INFO] --- jar:3.4.2:jar (default-jar) @ refactoring-hexagonal ---
[INFO] Building jar: C:\Users\salaheddine.tobok\IdeaProjects\learn.webcodein.com\workshop\architecture\refactoring-legacy-spring-boot-to-hexagonal-architecture\target\refactoring-hexagonal-0.0.1-SNAPSHOT.jar
[INFO] 
[INFO] --- spring-boot:4.0.0-M1:repackage (repackage) @ refactoring-hexagonal ---
[INFO] Replacing main artifact C:\Users\salaheddine.tobok\IdeaProjects\learn.webcodein.com\workshop\architecture\refactoring-legacy-spring-boot-to-hexagonal-architecture\target\refactoring-hexagonal-0.0.1-SNAPSHOT.jar with repackaged archive, adding nested dependencies in BOOT-INF/.
[INFO] The original artifact has been renamed to C:\Users\salaheddine.tobok\IdeaProjects\learn.webcodein.com\workshop\architecture\refactoring-legacy-spring-boot-to-hexagonal-architecture\target\refactoring-hexagonal-0.0.1-SNAPSHOT.jar.original
[INFO] ------------------------------------------------------------------------
[INFO] BUILD SUCCESS
[INFO] ------------------------------------------------------------------------
[INFO] Total time:  16.118 s
[INFO] Finished at: 2026-10-02T23:44:13+01:00
[INFO] ------------------------------------------------------------------------
