WARNING: A restricted method in java.lang.System has been called
WARNING: java.lang.System::load has been called by org.fusesource.jansi.internal.JansiLoader in an unnamed module (file:/C:/Program%20Files/apache-maven-3.9.9/lib/jansi-2.4.1.jar)
WARNING: Use --enable-native-access=ALL-UNNAMED to avoid a warning for callers in this module
WARNING: Restricted methods will be blocked in a future release unless native access is enabled

WARNING: A terminally deprecated method in sun.misc.Unsafe has been called
WARNING: sun.misc.Unsafe::objectFieldOffset has been called by com.google.common.util.concurrent.AbstractFuture$UnsafeAtomicHelper (file:/C:/Program%20Files/apache-maven-3.9.9/lib/guava-33.2.1-jre.jar)
WARNING: Please consider reporting this to the maintainers of class com.google.common.util.concurrent.AbstractFuture$UnsafeAtomicHelper
WARNING: sun.misc.Unsafe::objectFieldOffset will be removed in a future release
WARNING: Final field _cipher in class org.sonatype.plexus.components.sec.dispatcher.DefaultSecDispatcher has been mutated reflectively by class org.eclipse.sisu.bean.BeanPropertyField in unnamed module @5af97850 (file:/C:/Program%20Files/apache-maven-3.9.9/lib/org.eclipse.sisu.inject-0.9.0.M3.jar)
WARNING: Use --enable-final-field-mutation=ALL-UNNAMED to avoid a warning
WARNING: Mutating final fields will be blocked in a future release unless final field mutation is enabled
[INFO] Scanning for projects...
[INFO] 
[INFO] ------------------< com.webcodein:spring-ai-2-0-demo >------------------
[INFO] Building spring-ai-2-0-demo 0.0.1-SNAPSHOT
[INFO]   from pom.xml
[INFO] --------------------------------[ jar ]---------------------------------
[INFO] 
[INFO] --- clean:3.5.0:clean (default-clean) @ spring-ai-2-0-demo ---
[INFO] Deleting C:\Users\salaheddine.tobok\IdeaProjects\learn.webcodein.com\workshop\ai\spring-ai-2-0-spring-boot-4\target
[INFO] 
[INFO] --- resources:3.3.1:resources (default-resources) @ spring-ai-2-0-demo ---
[INFO] Copying 1 resource from src\main\resources to target\classes
[INFO] Copying 0 resource from src\main\resources to target\classes
[INFO] 
[INFO] --- compiler:3.14.1:compile (default-compile) @ spring-ai-2-0-demo ---
[INFO] Recompiling the module because of changed source code.
[INFO] Compiling 3 source files with javac [debug parameters release 25] to target\classes
[INFO] 
[INFO] --- resources:3.3.1:testResources (default-testResources) @ spring-ai-2-0-demo ---
[INFO] skip non existing resourceDirectory C:\Users\salaheddine.tobok\IdeaProjects\learn.webcodein.com\workshop\ai\spring-ai-2-0-spring-boot-4\src\test\resources
[INFO] 
[INFO] --- compiler:3.14.1:testCompile (default-testCompile) @ spring-ai-2-0-demo ---
[INFO] Recompiling the module because of changed dependency.
[INFO] Compiling 1 source file with javac [debug parameters release 25] to target\test-classes
[INFO] 
[INFO] --- surefire:3.5.4:test (default-test) @ spring-ai-2-0-demo ---
[INFO] Using auto detected provider org.apache.maven.surefire.junitplatform.JUnitPlatformProvider
[INFO] 
[INFO] -------------------------------------------------------
[INFO]  T E S T S
[INFO] -------------------------------------------------------
[INFO] Running com.webcodein.ai.SpringAiApplicationTests
23:36:19.888 [main] INFO org.springframework.test.context.support.AnnotationConfigContextLoaderUtils -- Could not detect default configuration classes for test class [com.webcodein.ai.SpringAiApplicationTests]: SpringAiApplicationTests does not declare any static, non-private, non-final, nested classes annotated with @Configuration.
23:36:20.120 [main] INFO org.springframework.boot.test.context.SpringBootTestContextBootstrapper -- Found @SpringBootConfiguration com.webcodein.ai.SpringAiApplication for test class com.webcodein.ai.SpringAiApplicationTests

  .   ____          _            __ _ _
 /\\ / ___'_ __ _ _(_)_ __  __ _ \ \ \ \
( ( )\___ | '_ | '_| | '_ \/ _` | \ \ \ \
 \\/  ___)| |_)| | | | | || (_| |  ) ) ) )
  '  |____| .__|_| |_|_| |_\__, | / / / /
 =========|_|==============|___/=/_/_/_/

 :: Spring Boot ::                (v4.0.0)

2026-10-02T23:36:20.696+01:00  INFO 32744 --- [spring-ai-2-0-demo] [           main] c.webcodein.ai.SpringAiApplicationTests  : Starting SpringAiApplicationTests using Java 27 with PID 32744 (started by salaheddine.tobok in C:\Users\salaheddine.tobok\IdeaProjects\learn.webcodein.com\workshop\ai\spring-ai-2-0-spring-boot-4)
2026-10-02T23:36:20.699+01:00  INFO 32744 --- [spring-ai-2-0-demo] [           main] c.webcodein.ai.SpringAiApplicationTests  : No active profile set, falling back to 1 default profile: "default"
2026-10-02T23:36:23.611+01:00  INFO 32744 --- [spring-ai-2-0-demo] [           main] c.webcodein.ai.SpringAiApplicationTests  : Started SpringAiApplicationTests in 3.304 seconds (process running for 5.06)
Mockito is currently self-attaching to enable the inline-mock-maker. This will no longer work in future releases of the JDK. Please add Mockito as an agent to your build as described in Mockito's documentation: https://javadoc.io/doc/org.mockito/mockito-core/latest/org.mockito/org/mockito/Mockito.html#0.3
OpenJDK 64-Bit Server VM warning: Sharing is only supported for boot loader classes because bootstrap classpath has been appended
WARNING: A Java agent has been loaded dynamically (C:\Users\salaheddine.tobok\.m2\repository\net\bytebuddy\byte-buddy-agent\1.17.8\byte-buddy-agent-1.17.8.jar)
WARNING: If a serviceability tool is in use, please run with -XX:+EnableDynamicAgentLoading to hide this warning
WARNING: If a serviceability tool is not in use, please run with -Djdk.instrument.traceUsage for more information
WARNING: Dynamic loading of agents will be disallowed by default in a future release
[INFO] Tests run: 1, Failures: 0, Errors: 0, Skipped: 0, Time elapsed: 5.002 s -- in com.webcodein.ai.SpringAiApplicationTests
[INFO] 
[INFO] Results:
[INFO] 
[INFO] Tests run: 1, Failures: 0, Errors: 0, Skipped: 0
[INFO] 
[INFO] 
[INFO] --- jar:3.4.2:jar (default-jar) @ spring-ai-2-0-demo ---
[INFO] Building jar: C:\Users\salaheddine.tobok\IdeaProjects\learn.webcodein.com\workshop\ai\spring-ai-2-0-spring-boot-4\target\spring-ai-2-0-demo-0.0.1-SNAPSHOT.jar
[INFO] 
[INFO] --- spring-boot:4.0.0:repackage (repackage) @ spring-ai-2-0-demo ---
[INFO] Replacing main artifact C:\Users\salaheddine.tobok\IdeaProjects\learn.webcodein.com\workshop\ai\spring-ai-2-0-spring-boot-4\target\spring-ai-2-0-demo-0.0.1-SNAPSHOT.jar with repackaged archive, adding nested dependencies in BOOT-INF/.
[INFO] The original artifact has been renamed to C:\Users\salaheddine.tobok\IdeaProjects\learn.webcodein.com\workshop\ai\spring-ai-2-0-spring-boot-4\target\spring-ai-2-0-demo-0.0.1-SNAPSHOT.jar.original
[INFO] ------------------------------------------------------------------------
[INFO] BUILD SUCCESS
[INFO] ------------------------------------------------------------------------
[INFO] Total time:  13.695 s
[INFO] Finished at: 2026-10-02T23:36:26+01:00
[INFO] ------------------------------------------------------------------------
