WARNING: A restricted method in java.lang.System has been called
WARNING: java.lang.System::load has been called by org.fusesource.jansi.internal.JansiLoader in an unnamed module (file:/C:/Program%20Files/apache-maven-3.9.9/lib/jansi-2.4.1.jar)
WARNING: Use --enable-native-access=ALL-UNNAMED to avoid a warning for callers in this module
WARNING: Restricted methods will be blocked in a future release unless native access is enabled

WARNING: A terminally deprecated method in sun.misc.Unsafe has been called
WARNING: sun.misc.Unsafe::objectFieldOffset has been called by com.google.common.util.concurrent.AbstractFuture$UnsafeAtomicHelper (file:/C:/Program%20Files/apache-maven-3.9.9/lib/guava-33.2.1-jre.jar)
WARNING: Please consider reporting this to the maintainers of class com.google.common.util.concurrent.AbstractFuture$UnsafeAtomicHelper
WARNING: sun.misc.Unsafe::objectFieldOffset will be removed in a future release
WARNING: Final field _cipher in class org.sonatype.plexus.components.sec.dispatcher.DefaultSecDispatcher has been mutated reflectively by class org.eclipse.sisu.bean.BeanPropertyField in unnamed module @5af97850 (file:/C:/Program%20Files/apache-maven-3.9.9/lib/org.eclipse.sisu.inject-0.9.0.M3.jar)
WARNING: Use --enable-final-field-mutation=ALL-UNNAMED to avoid a warning
WARNING: Mutating final fields will be blocked in a future release unless final field mutation is enabled
[INFO] Scanning for projects...
[INFO] 
[INFO] --< com.webcodein.observability:opentelemetry-grafana-spring-boot-4 >---
[INFO] Building opentelemetry-grafana-spring-boot-4 0.0.1-SNAPSHOT
[INFO]   from pom.xml
[INFO] --------------------------------[ jar ]---------------------------------
[INFO] 
[INFO] --- clean:3.5.0:clean (default-clean) @ opentelemetry-grafana-spring-boot-4 ---
[INFO] Deleting C:\Users\salaheddine.tobok\IdeaProjects\learn.webcodein.com\workshop\observability\opentelemetry-grafana-spring-boot-4\target
[INFO] 
[INFO] --- resources:3.3.1:resources (default-resources) @ opentelemetry-grafana-spring-boot-4 ---
[INFO] Copying 1 resource from src\main\resources to target\classes
[INFO] Copying 0 resource from src\main\resources to target\classes
[INFO] 
[INFO] --- compiler:3.14.1:compile (default-compile) @ opentelemetry-grafana-spring-boot-4 ---
[INFO] Recompiling the module because of changed source code.
[INFO] Compiling 3 source files with javac [debug parameters release 25] to target\classes
[INFO] 
[INFO] --- resources:3.3.1:testResources (default-testResources) @ opentelemetry-grafana-spring-boot-4 ---
[INFO] skip non existing resourceDirectory C:\Users\salaheddine.tobok\IdeaProjects\learn.webcodein.com\workshop\observability\opentelemetry-grafana-spring-boot-4\src\test\resources
[INFO] 
[INFO] --- compiler:3.14.1:testCompile (default-testCompile) @ opentelemetry-grafana-spring-boot-4 ---
[INFO] Recompiling the module because of changed dependency.
[INFO] Compiling 1 source file with javac [debug parameters release 25] to target\test-classes
[INFO] 
[INFO] --- surefire:3.5.4:test (default-test) @ opentelemetry-grafana-spring-boot-4 ---
[INFO] Using auto detected provider org.apache.maven.surefire.junitplatform.JUnitPlatformProvider
[INFO] 
[INFO] -------------------------------------------------------
[INFO]  T E S T S
[INFO] -------------------------------------------------------
[INFO] Running com.webcodein.observability.ObservabilityApplicationTests

  .   ____          _            __ _ _
 /\\ / ___'_ __ _ _(_)_ __  __ _ \ \ \ \
( ( )\___ | '_ | '_| | '_ \/ _` | \ \ \ \
 \\/  ___)| |_)| | | | | || (_| |  ) ) ) )
  '  |____| .__|_| |_|_| |_\__, | / / / /
 =========|_|==============|___/=/_/_/_/

 :: Spring Boot ::                (v4.0.0)

2026-10-02T23:46:42.889+01:00  INFO 32812 --- [observability-demo] [           main] c.w.o.ObservabilityApplicationTests      : Starting ObservabilityApplicationTests using Java 27 with PID 32812 (started by salaheddine.tobok in C:\Users\salaheddine.tobok\IdeaProjects\learn.webcodein.com\workshop\observability\opentelemetry-grafana-spring-boot-4)
2026-10-02T23:46:42.895+01:00  INFO 32812 --- [observability-demo] [           main] c.w.o.ObservabilityApplicationTests      : No active profile set, falling back to 1 default profile: "default"
2026-10-02T23:46:44.475+01:00  INFO 32812 --- [observability-demo] [           main] o.s.boot.tomcat.TomcatWebServer          : Tomcat initialized with port 0 (http)
2026-10-02T23:46:44.489+01:00  INFO 32812 --- [observability-demo] [           main] o.apache.catalina.core.StandardService   : Starting service [Tomcat]
2026-10-02T23:46:44.491+01:00  INFO 32812 --- [observability-demo] [           main] o.apache.catalina.core.StandardEngine    : Starting Servlet engine: [Apache Tomcat/11.0.14]
2026-10-02T23:46:44.548+01:00  INFO 32812 --- [observability-demo] [           main] b.w.c.s.WebApplicationContextInitializer : Root WebApplicationContext: initialization completed in 1624 ms
2026-10-02T23:46:45.845+01:00  INFO 32812 --- [observability-demo] [           main] o.s.b.a.e.web.EndpointLinksResolver      : Exposing 3 endpoints beneath base path '/actuator'
2026-10-02T23:46:45.944+01:00  INFO 32812 --- [observability-demo] [           main] o.s.boot.tomcat.TomcatWebServer          : Tomcat started on port 55809 (http) with context path '/'
2026-10-02T23:46:45.954+01:00  INFO 32812 --- [observability-demo] [           main] c.w.o.ObservabilityApplicationTests      : Started ObservabilityApplicationTests in 3.416 seconds (process running for 4.831)
Mockito is currently self-attaching to enable the inline-mock-maker. This will no longer work in future releases of the JDK. Please add Mockito as an agent to your build as described in Mockito's documentation: https://javadoc.io/doc/org.mockito/mockito-core/latest/org.mockito/org/mockito/Mockito.html#0.3
OpenJDK 64-Bit Server VM warning: Sharing is only supported for boot loader classes because bootstrap classpath has been appended
WARNING: A Java agent has been loaded dynamically (C:\Users\salaheddine.tobok\.m2\repository\net\bytebuddy\byte-buddy-agent\1.17.8\byte-buddy-agent-1.17.8.jar)
WARNING: If a serviceability tool is in use, please run with -XX:+EnableDynamicAgentLoading to hide this warning
WARNING: If a serviceability tool is not in use, please run with -Djdk.instrument.traceUsage for more information
WARNING: Dynamic loading of agents will be disallowed by default in a future release
2026-10-02T23:46:47.120+01:00  INFO 32812 --- [observability-demo] [o-auto-1-exec-1] o.a.c.c.C.[Tomcat].[localhost].[/]       : Initializing Spring DispatcherServlet 'dispatcherServlet'
2026-10-02T23:46:47.122+01:00  INFO 32812 --- [observability-demo] [o-auto-1-exec-1] o.s.web.servlet.DispatcherServlet        : Initializing Servlet 'dispatcherServlet'
2026-10-02T23:46:47.122+01:00  INFO 32812 --- [observability-demo] [o-auto-1-exec-1] o.s.web.servlet.DispatcherServlet        : Completed initialization in 0 ms
2026-10-02T23:46:47.162+01:00  INFO 32812 --- [observability-demo] [o-auto-1-exec-1] c.w.o.controller.InventoryController     : Checking inventory for item: 123
2026-10-02T23:46:47.244+01:00  INFO 32812 --- [observability-demo] [o-auto-1-exec-1] c.w.o.controller.InventoryController     : Inventory check complete for item: 123
[INFO] Tests run: 3, Failures: 0, Errors: 0, Skipped: 0, Time elapsed: 5.439 s -- in com.webcodein.observability.ObservabilityApplicationTests
[INFO] 
[INFO] Results:
[INFO] 
[INFO] Tests run: 3, Failures: 0, Errors: 0, Skipped: 0
[INFO] 
[INFO] 
[INFO] --- jar:3.4.2:jar (default-jar) @ opentelemetry-grafana-spring-boot-4 ---
[INFO] Building jar: C:\Users\salaheddine.tobok\IdeaProjects\learn.webcodein.com\workshop\observability\opentelemetry-grafana-spring-boot-4\target\opentelemetry-grafana-spring-boot-4-0.0.1-SNAPSHOT.jar
[INFO] 
[INFO] --- spring-boot:4.0.0:repackage (repackage) @ opentelemetry-grafana-spring-boot-4 ---
[INFO] Replacing main artifact C:\Users\salaheddine.tobok\IdeaProjects\learn.webcodein.com\workshop\observability\opentelemetry-grafana-spring-boot-4\target\opentelemetry-grafana-spring-boot-4-0.0.1-SNAPSHOT.jar with repackaged archive, adding nested dependencies in BOOT-INF/.
[INFO] The original artifact has been renamed to C:\Users\salaheddine.tobok\IdeaProjects\learn.webcodein.com\workshop\observability\opentelemetry-grafana-spring-boot-4\target\opentelemetry-grafana-spring-boot-4-0.0.1-SNAPSHOT.jar.original
[INFO] ------------------------------------------------------------------------
[INFO] BUILD SUCCESS
[INFO] ------------------------------------------------------------------------
[INFO] Total time:  12.304 s
[INFO] Finished at: 2026-10-02T23:46:48+01:00
[INFO] ------------------------------------------------------------------------
