WARNING: A restricted method in java.lang.System has been called
WARNING: java.lang.System::load has been called by org.fusesource.jansi.internal.JansiLoader in an unnamed module (file:/C:/Program%20Files/apache-maven-3.9.9/lib/jansi-2.4.1.jar)
WARNING: Use --enable-native-access=ALL-UNNAMED to avoid a warning for callers in this module
WARNING: Restricted methods will be blocked in a future release unless native access is enabled

WARNING: A terminally deprecated method in sun.misc.Unsafe has been called
WARNING: sun.misc.Unsafe::objectFieldOffset has been called by com.google.common.util.concurrent.AbstractFuture$UnsafeAtomicHelper (file:/C:/Program%20Files/apache-maven-3.9.9/lib/guava-33.2.1-jre.jar)
WARNING: Please consider reporting this to the maintainers of class com.google.common.util.concurrent.AbstractFuture$UnsafeAtomicHelper
WARNING: sun.misc.Unsafe::objectFieldOffset will be removed in a future release
WARNING: Final field _cipher in class org.sonatype.plexus.components.sec.dispatcher.DefaultSecDispatcher has been mutated reflectively by class org.eclipse.sisu.bean.BeanPropertyField in unnamed module @5af97850 (file:/C:/Program%20Files/apache-maven-3.9.9/lib/org.eclipse.sisu.inject-0.9.0.M3.jar)
WARNING: Use --enable-final-field-mutation=ALL-UNNAMED to avoid a warning
WARNING: Mutating final fields will be blocked in a future release unless final field mutation is enabled
[INFO] Scanning for projects...
[INFO] 
[INFO] --------< com.webcodein:hexagonal-architecture-ddd-jakarta-ee >---------
[INFO] Building hexagonal-architecture-ddd-jakarta-ee 1.0.0-SNAPSHOT
[INFO]   from pom.xml
[INFO] --------------------------------[ jar ]---------------------------------
[INFO] 
[INFO] --- clean:3.5.0:clean (default-clean) @ hexagonal-architecture-ddd-jakarta-ee ---
[INFO] Deleting C:\Users\salaheddine.tobok\IdeaProjects\learn.webcodein.com\workshop\architecture\hexagonal-architecture-ddd-jakarta-ee-11\target
[INFO] 
[INFO] --- resources:3.3.1:resources (default-resources) @ hexagonal-architecture-ddd-jakarta-ee ---
[INFO] Copying 1 resource from src\main\resources to target\classes
[INFO] Copying 0 resource from src\main\resources to target\classes
[INFO] 
[INFO] --- compiler:3.14.1:compile (default-compile) @ hexagonal-architecture-ddd-jakarta-ee ---
[INFO] Recompiling the module because of changed source code.
[INFO] Compiling 12 source files with javac [debug parameters release 25] to target\classes
[INFO] Hibernate compile-time tooling 7.1.0.Final
[INFO] /C:/Users/salaheddine.tobok/IdeaProjects/learn.webcodein.com/workshop/architecture/hexagonal-architecture-ddd-jakarta-ee-11/target/generated-sources/annotations/com/webcodein/hexagonal/infrastructure/adapter/out/persistence/OrderRepository_.java: C:\Users\salaheddine.tobok\IdeaProjects\learn.webcodein.com\workshop\architecture\hexagonal-architecture-ddd-jakarta-ee-11\target\generated-sources\annotations\com\webcodein\hexagonal\infrastructure\adapter\out\persistence\OrderRepository_.java uses unchecked or unsafe operations.
[INFO] /C:/Users/salaheddine.tobok/IdeaProjects/learn.webcodein.com/workshop/architecture/hexagonal-architecture-ddd-jakarta-ee-11/target/generated-sources/annotations/com/webcodein/hexagonal/infrastructure/adapter/out/persistence/OrderRepository_.java: Recompile with -Xlint:unchecked for details.
[INFO] 
[INFO] --- resources:3.3.1:testResources (default-testResources) @ hexagonal-architecture-ddd-jakarta-ee ---
[INFO] skip non existing resourceDirectory C:\Users\salaheddine.tobok\IdeaProjects\learn.webcodein.com\workshop\architecture\hexagonal-architecture-ddd-jakarta-ee-11\src\test\resources
[INFO] 
[INFO] --- compiler:3.14.1:testCompile (default-testCompile) @ hexagonal-architecture-ddd-jakarta-ee ---
[INFO] Recompiling the module because of changed dependency.
[INFO] Compiling 3 source files with javac [debug parameters release 25] to target\test-classes
[INFO] Hibernate compile-time tooling 7.1.0.Final
[INFO] /C:/Users/salaheddine.tobok/IdeaProjects/learn.webcodein.com/workshop/architecture/hexagonal-architecture-ddd-jakarta-ee-11/src/test/java/com/webcodein/hexagonal/HexagonalApplicationTests.java: C:\Users\salaheddine.tobok\IdeaProjects\learn.webcodein.com\workshop\architecture\hexagonal-architecture-ddd-jakarta-ee-11\src\test\java\com\webcodein\hexagonal\HexagonalApplicationTests.java uses or overrides a deprecated API.
[INFO] /C:/Users/salaheddine.tobok/IdeaProjects/learn.webcodein.com/workshop/architecture/hexagonal-architecture-ddd-jakarta-ee-11/src/test/java/com/webcodein/hexagonal/HexagonalApplicationTests.java: Recompile with -Xlint:deprecation for details.
[INFO] 
[INFO] --- surefire:3.5.4:test (default-test) @ hexagonal-architecture-ddd-jakarta-ee ---
[INFO] Using auto detected provider org.apache.maven.surefire.junitplatform.JUnitPlatformProvider
[INFO] 
[INFO] -------------------------------------------------------
[INFO]  T E S T S
[INFO] -------------------------------------------------------
[INFO] Running com.webcodein.hexagonal.domain.OrderServiceTest
Mockito is currently self-attaching to enable the inline-mock-maker. This will no longer work in future releases of the JDK. Please add Mockito as an agent to your build as described in Mockito's documentation: https://javadoc.io/doc/org.mockito/mockito-core/latest/org.mockito/org/mockito/Mockito.html#0.3
WARNING: A Java agent has been loaded dynamically (C:\Users\salaheddine.tobok\.m2\repository\net\bytebuddy\byte-buddy-agent\1.17.8\byte-buddy-agent-1.17.8.jar)
WARNING: If a serviceability tool is in use, please run with -XX:+EnableDynamicAgentLoading to hide this warning
WARNING: If a serviceability tool is not in use, please run with -Djdk.instrument.traceUsage for more information
WARNING: Dynamic loading of agents will be disallowed by default in a future release
OpenJDK 64-Bit Server VM warning: Sharing is only supported for boot loader classes because bootstrap classpath has been appended
[INFO] Tests run: 1, Failures: 0, Errors: 0, Skipped: 0, Time elapsed: 1.480 s -- in com.webcodein.hexagonal.domain.OrderServiceTest
[INFO] Running com.webcodein.hexagonal.domain.OrderTest
[INFO] Tests run: 3, Failures: 0, Errors: 0, Skipped: 0, Time elapsed: 0.015 s -- in com.webcodein.hexagonal.domain.OrderTest
[INFO] Running com.webcodein.hexagonal.HexagonalApplicationTests
23:40:26.465 [main] INFO org.springframework.test.context.support.AnnotationConfigContextLoaderUtils -- Could not detect default configuration classes for test class [com.webcodein.hexagonal.HexagonalApplicationTests]: HexagonalApplicationTests does not declare any static, non-private, non-final, nested classes annotated with @Configuration.
23:40:26.549 [main] INFO org.testcontainers.images.PullPolicy -- Image pull policy will be performed by: DefaultPullPolicy()
23:40:26.552 [main] INFO org.testcontainers.utility.ImageNameSubstitutor -- Image name substitution will be performed by: DefaultImageNameSubstitutor (composite of 'ConfigurationFileImageNameSubstitutor' and 'PrefixingImageNameSubstitutor')
23:40:26.579 [main] INFO org.testcontainers.DockerClientFactory -- Testcontainers version: 2.0.2
23:40:27.137 [main] INFO org.testcontainers.dockerclient.DockerClientProviderStrategy -- Loaded org.testcontainers.dockerclient.NpipeSocketClientProviderStrategy from ~/.testcontainers.properties, will try it first
23:40:27.940 [main] INFO org.testcontainers.dockerclient.DockerClientProviderStrategy -- Found Docker environment with local Npipe socket (npipe:////./pipe/docker_engine)
23:40:27.941 [main] INFO org.testcontainers.DockerClientFactory -- Docker host IP address is localhost
23:40:27.967 [main] INFO org.testcontainers.DockerClientFactory -- Connected to docker: 
  Server Version: 29.7.2
  API Version: 1.55
  Operating System: Docker Desktop
  Total Memory: 15841 MB
  Labels: 
    com.docker.desktop.address=npipe://\\.\pipe\docker_cli
23:40:27.978 [main] INFO org.testcontainers.DockerClientFactory -- Checking the system...
23:40:27.979 [main] INFO org.testcontainers.DockerClientFactory -- ?? Docker server version should be at least 1.6.0
23:40:28.767 [main] INFO org.springframework.boot.test.context.SpringBootTestContextBootstrapper -- Found @SpringBootConfiguration com.webcodein.hexagonal.HexagonalApplication for test class com.webcodein.hexagonal.HexagonalApplicationTests
23:40:28.956 [main] INFO tc.postgres:16-alpine -- Creating container for image: postgres:16-alpine
23:40:29.129 [main] INFO org.testcontainers.utility.RegistryAuthLocator -- Credential helper/store (docker-credential-desktop) does not have credentials for https://index.docker.io/v1/
23:40:29.141 [main] INFO tc.testcontainers/ryuk:0.13.0 -- Creating container for image: testcontainers/ryuk:0.13.0
23:40:29.405 [main] INFO tc.testcontainers/ryuk:0.13.0 -- Container testcontainers/ryuk:0.13.0 is starting: 322a71000bdb273861894237766122407a44162dd2ab9b2a146c45be71091c28
23:40:30.264 [main] INFO tc.testcontainers/ryuk:0.13.0 -- Container testcontainers/ryuk:0.13.0 started in PT1.1230688S
23:40:30.517 [main] INFO tc.postgres:16-alpine -- Container postgres:16-alpine is starting: a06fa20409e45971f1ad93ca54e526c87d83ab98ffc99d49d85d392231e823f3
23:40:32.682 [main] INFO tc.postgres:16-alpine -- Container postgres:16-alpine started in PT3.7257073S
23:40:32.684 [main] INFO tc.postgres:16-alpine -- Container is started (JDBC URL: jdbc:postgresql://localhost:60618/test?loggerLevel=OFF)

  .   ____          _            __ _ _
 /\\ / ___'_ __ _ _(_)_ __  __ _ \ \ \ \
( ( )\___ | '_ | '_| | '_ \/ _` | \ \ \ \
 \\/  ___)| |_)| | | | | || (_| |  ) ) ) )
  '  |____| .__|_| |_|_| |_\__, | / / / /
 =========|_|==============|___/=/_/_/_/

 :: Spring Boot ::                (v4.0.0)

2026-10-02T23:40:33.561+01:00  INFO 17860 --- [           main] c.w.hexagonal.HexagonalApplicationTests  : Starting HexagonalApplicationTests using Java 27 with PID 17860 (started by salaheddine.tobok in C:\Users\salaheddine.tobok\IdeaProjects\learn.webcodein.com\workshop\architecture\hexagonal-architecture-ddd-jakarta-ee-11)
2026-10-02T23:40:33.564+01:00  INFO 17860 --- [           main] c.w.hexagonal.HexagonalApplicationTests  : No active profile set, falling back to 1 default profile: "default"
2026-10-02T23:40:35.338+01:00  INFO 17860 --- [           main] .s.d.r.c.RepositoryConfigurationDelegate : Bootstrapping Spring Data JPA repositories in DEFAULT mode.
2026-10-02T23:40:35.444+01:00  INFO 17860 --- [           main] .s.d.r.c.RepositoryConfigurationDelegate : Finished Spring Data repository scanning in 78 ms. Found 0 JPA repository interfaces.
2026-10-02T23:40:36.833+01:00  INFO 17860 --- [           main] o.s.boot.tomcat.TomcatWebServer          : Tomcat initialized with port 0 (http)
2026-10-02T23:40:36.890+01:00  INFO 17860 --- [           main] o.apache.catalina.core.StandardService   : Starting service [Tomcat]
2026-10-02T23:40:36.892+01:00  INFO 17860 --- [           main] o.apache.catalina.core.StandardEngine    : Starting Servlet engine: [Apache Tomcat/11.0.14]
2026-10-02T23:40:37.054+01:00  INFO 17860 --- [           main] b.w.c.s.WebApplicationContextInitializer : Root WebApplicationContext: initialization completed in 3461 ms
2026-10-02T23:40:37.721+01:00  INFO 17860 --- [           main] o.hibernate.jpa.internal.util.LogHelper  : HHH000204: Processing PersistenceUnitInfo [name: default]
2026-10-02T23:40:37.813+01:00  INFO 17860 --- [           main] org.hibernate.Version                    : HHH000412: Hibernate ORM core version 7.1.0.Final
2026-10-02T23:40:38.922+01:00  INFO 17860 --- [           main] o.s.o.j.p.SpringPersistenceUnitInfo      : No LoadTimeWeaver setup: ignoring JPA class transformer
2026-10-02T23:40:38.972+01:00  INFO 17860 --- [           main] com.zaxxer.hikari.HikariDataSource       : HikariPool-1 - Starting...
2026-10-02T23:40:39.207+01:00  INFO 17860 --- [           main] com.zaxxer.hikari.pool.HikariPool        : HikariPool-1 - Added connection org.postgresql.jdbc.PgConnection@34fde3a3
2026-10-02T23:40:39.210+01:00  INFO 17860 --- [           main] com.zaxxer.hikari.HikariDataSource       : HikariPool-1 - Start completed.
2026-10-02T23:40:39.322+01:00  INFO 17860 --- [           main] org.hibernate.orm.connections.pooling    : HHH10001005: Database info:
	Database JDBC URL [jdbc:postgresql://localhost:60618/test?loggerLevel=OFF]
	Database driver: PostgreSQL JDBC Driver
	Database dialect: PostgreSQLDialect
	Database version: 16.15
	Default catalog/schema: test/public
	Autocommit mode: undefined/unknown
	Isolation level: READ_COMMITTED [default READ_COMMITTED]
	JDBC fetch size: none
	Pool: DatasourceConnectionProviderImpl
	Minimum pool size: undefined/unknown
	Maximum pool size: undefined/unknown
2026-10-02T23:40:40.282+01:00  INFO 17860 --- [           main] o.h.e.t.j.p.i.JtaPlatformInitiator       : HHH000489: No JTA platform available (set 'hibernate.transaction.jta.platform' to enable JTA platform integration)
Hibernate: create table orders (id varchar(255) not null, amount numeric(38,2), created_at timestamp(6), customer_id varchar(255), status varchar(255), primary key (id))
2026-10-02T23:40:40.340+01:00  INFO 17860 --- [           main] j.LocalContainerEntityManagerFactoryBean : Initialized JPA EntityManagerFactory for persistence unit 'default'
2026-10-02T23:40:40.433+01:00  WARN 17860 --- [           main] JpaBaseConfiguration$JpaWebConfiguration : spring.jpa.open-in-view is enabled by default. Therefore, database queries may be performed during view rendering. Explicitly configure spring.jpa.open-in-view to disable this warning
2026-10-02T23:40:41.014+01:00  INFO 17860 --- [           main] o.s.boot.tomcat.TomcatWebServer          : Tomcat started on port 56497 (http) with context path '/'
2026-10-02T23:40:41.028+01:00  INFO 17860 --- [           main] c.w.hexagonal.HexagonalApplicationTests  : Started HexagonalApplicationTests in 8.195 seconds (process running for 17.277)
[INFO] Tests run: 1, Failures: 0, Errors: 0, Skipped: 0, Time elapsed: 15.59 s -- in com.webcodein.hexagonal.HexagonalApplicationTests
[INFO] 
[INFO] Results:
[INFO] 
[INFO] Tests run: 5, Failures: 0, Errors: 0, Skipped: 0
[INFO] 
[INFO] 
[INFO] --- jar:3.4.2:jar (default-jar) @ hexagonal-architecture-ddd-jakarta-ee ---
[INFO] Building jar: C:\Users\salaheddine.tobok\IdeaProjects\learn.webcodein.com\workshop\architecture\hexagonal-architecture-ddd-jakarta-ee-11\target\hexagonal-architecture-ddd-jakarta-ee-1.0.0-SNAPSHOT.jar
[INFO] 
[INFO] --- spring-boot:4.0.0:repackage (repackage) @ hexagonal-architecture-ddd-jakarta-ee ---
[INFO] Replacing main artifact C:\Users\salaheddine.tobok\IdeaProjects\learn.webcodein.com\workshop\architecture\hexagonal-architecture-ddd-jakarta-ee-11\target\hexagonal-architecture-ddd-jakarta-ee-1.0.0-SNAPSHOT.jar with repackaged archive, adding nested dependencies in BOOT-INF/.
[INFO] The original artifact has been renamed to C:\Users\salaheddine.tobok\IdeaProjects\learn.webcodein.com\workshop\architecture\hexagonal-architecture-ddd-jakarta-ee-11\target\hexagonal-architecture-ddd-jakarta-ee-1.0.0-SNAPSHOT.jar.original
[INFO] ------------------------------------------------------------------------
[INFO] BUILD SUCCESS
[INFO] ------------------------------------------------------------------------
[INFO] Total time:  27.938 s
[INFO] Finished at: 2026-10-02T23:40:43+01:00
[INFO] ------------------------------------------------------------------------
