WARNING: A restricted method in java.lang.System has been called
WARNING: java.lang.System::load has been called by org.fusesource.jansi.internal.JansiLoader in an unnamed module (file:/C:/Program%20Files/apache-maven-3.9.9/lib/jansi-2.4.1.jar)
WARNING: Use --enable-native-access=ALL-UNNAMED to avoid a warning for callers in this module
WARNING: Restricted methods will be blocked in a future release unless native access is enabled

WARNING: A terminally deprecated method in sun.misc.Unsafe has been called
WARNING: sun.misc.Unsafe::objectFieldOffset has been called by com.google.common.util.concurrent.AbstractFuture$UnsafeAtomicHelper (file:/C:/Program%20Files/apache-maven-3.9.9/lib/guava-33.2.1-jre.jar)
WARNING: Please consider reporting this to the maintainers of class com.google.common.util.concurrent.AbstractFuture$UnsafeAtomicHelper
WARNING: sun.misc.Unsafe::objectFieldOffset will be removed in a future release
WARNING: Final field _cipher in class org.sonatype.plexus.components.sec.dispatcher.DefaultSecDispatcher has been mutated reflectively by class org.eclipse.sisu.bean.BeanPropertyField in unnamed module @17c386de (file:/C:/Program%20Files/apache-maven-3.9.9/lib/org.eclipse.sisu.inject-0.9.0.M3.jar)
WARNING: Use --enable-final-field-mutation=ALL-UNNAMED to avoid a warning
WARNING: Mutating final fields will be blocked in a future release unless final field mutation is enabled
[INFO] Scanning for projects...
[INFO] 
[INFO] -------------< com.webcodein:kotlin-spring-boot-4-backend >-------------
[INFO] Building kotlin-spring-boot-4-backend 0.0.1-SNAPSHOT
[INFO]   from pom.xml
[INFO] --------------------------------[ jar ]---------------------------------
[INFO] 
[INFO] --- clean:3.5.0:clean (default-clean) @ kotlin-spring-boot-4-backend ---
[INFO] Deleting C:\Users\salaheddine.tobok\IdeaProjects\learn.webcodein.com\workshop\kotlin\kotlin-spring-boot-4-backend-guide\target
[INFO] 
[INFO] --- resources:3.3.1:resources (default-resources) @ kotlin-spring-boot-4-backend ---
[INFO] Copying 0 resource from src\main\resources to target\classes
[INFO] Copying 0 resource from src\main\resources to target\classes
[INFO] 
[INFO] --- compiler:3.14.1:compile (default-compile) @ kotlin-spring-boot-4-backend ---
[INFO] Nothing to compile - all classes are up to date.
[INFO] 
[INFO] --- kotlin:2.4.20:compile (compile) @ kotlin-spring-boot-4-backend ---
[INFO] Applied plugin: 'spring'
[INFO] cannot connect to registry: Connection refused: connect
[INFO] starting the daemon as: C:\Program Files\Amazon Corretto\jdk27.0.0_35\bin\java -cp C:\Users\salaheddine.tobok\.m2\repository\org\jetbrains\kotlin\kotlin-build-tools-impl\2.4.20\kotlin-build-tools-impl-2.4.20.jar;C:\Users\salaheddine.tobok\.m2\repository\org\jetbrains\kotlin\kotlin-build-tools-api\2.4.20\kotlin-build-tools-api-2.4.20.jar;C:\Users\salaheddine.tobok\.m2\repository\org\jetbrains\kotlin\kotlin-stdlib\2.4.20\kotlin-stdlib-2.4.20.jar;C:\Users\salaheddine.tobok\.m2\repository\org\jetbrains\annotations\13.0\annotations-13.0.jar;C:\Users\salaheddine.tobok\.m2\repository\org\jetbrains\kotlin\kotlin-build-tools-cri-impl\2.4.20\kotlin-build-tools-cri-impl-2.4.20.jar;C:\Users\salaheddine.tobok\.m2\repository\org\jetbrains\kotlin\kotlin-tooling-core\2.4.20\kotlin-tooling-core-2.4.20.jar;C:\Users\salaheddine.tobok\.m2\repository\org\jetbrains\kotlin\kotlin-compiler-embeddable\2.4.20\kotlin-compiler-embeddable-2.4.20.jar;C:\Users\salaheddine.tobok\.m2\repository\org\jetbrains\kotlin\kotlin-script-runtime\2.4.20\kotlin-script-runtime-2.4.20.jar;C:\Users\salaheddine.tobok\.m2\repository\org\jetbrains\kotlin\kotlin-reflect\1.6.10\kotlin-reflect-1.6.10.jar;C:\Users\salaheddine.tobok\.m2\repository\org\jetbrains\kotlin\kotlin-daemon-embeddable\2.4.20\kotlin-daemon-embeddable-2.4.20.jar;C:\Users\salaheddine.tobok\.m2\repository\org\jetbrains\kotlinx\kotlinx-coroutines-core-jvm\1.8.0\kotlinx-coroutines-core-jvm-1.8.0.jar;C:\Users\salaheddine.tobok\.m2\repository\org\jetbrains\kotlin\kotlin-compiler-runner\2.4.20\kotlin-compiler-runner-2.4.20.jar;C:\Users\salaheddine.tobok\.m2\repository\org\jetbrains\kotlin\kotlin-daemon-client\2.4.20\kotlin-daemon-client-2.4.20.jar;C:\Users\salaheddine.tobok\.m2\repository\org\jetbrains\kotlin\kotlin-scripting-compiler-embeddable\2.4.20\kotlin-scripting-compiler-embeddable-2.4.20.jar;C:\Users\salaheddine.tobok\.m2\repository\org\jetbrains\kotlin\kotlin-scripting-common\2.4.20\kotlin-scripting-common-2.4.20.jar;C:\Users\salaheddine.tobok\.m2\repository\org\jetbrains\kotlin\kotlin-scripting-jvm\2.4.20\kotlin-scripting-jvm-2.4.20.jar;C:\Users\salaheddine.tobok\.m2\repository\org\jetbrains\kotlin\kotlin-scripting-compiler-impl-embeddable\2.4.20\kotlin-scripting-compiler-impl-embeddable-2.4.20.jar -Djava.awt.headless=true -Djava.rmi.server.hostname=127.0.0.1 -Xmx8116m -XX:ReservedCodeCacheSize=320m -ea -Dkotlin.daemon.custom.run.files.path.for.tests=C:\Users\salaheddine.tobok\AppData\Local\kotlin\daemon -XX:+UseCodeCacheFlushing -XX:+UseParallelGC -Dkotlin.daemon.initiator.marker.file=C:\Users\SALAHE~1.TOB\AppData\Local\Temp\kotlin-compiler-client-5042919079476504987-is-running --add-exports java.base/sun.nio.ch=ALL-UNNAMED org.jetbrains.kotlin.daemon.KotlinCompileDaemon --daemon-logsPath C:\Users\SALAHE~1.TOB\AppData\Local\Temp --daemon-logsFileSizeLimit=1048576 --daemon-logsFileCountLimit=3 --daemon-runFilesPath C:\Users\salaheddine.tobok\AppData\Local\kotlin\daemon --daemon-autoshutdownIdleSeconds=7200 --daemon-shutdownDelayMilliseconds=1800000 --daemon-compilerClasspath C:\Users\salaheddine.tobok\.m2\repository\org\jetbrains\kotlin\kotlin-build-tools-impl\2.4.20\kotlin-build-tools-impl-2.4.20.jar;C:\Users\salaheddine.tobok\.m2\repository\org\jetbrains\kotlin\kotlin-build-tools-api\2.4.20\kotlin-build-tools-api-2.4.20.jar;C:\Users\salaheddine.tobok\.m2\repository\org\jetbrains\kotlin\kotlin-stdlib\2.4.20\kotlin-stdlib-2.4.20.jar;C:\Users\salaheddine.tobok\.m2\repository\org\jetbrains\annotations\13.0\annotations-13.0.jar;C:\Users\salaheddine.tobok\.m2\repository\org\jetbrains\kotlin\kotlin-build-tools-cri-impl\2.4.20\kotlin-build-tools-cri-impl-2.4.20.jar;C:\Users\salaheddine.tobok\.m2\repository\org\jetbrains\kotlin\kotlin-tooling-core\2.4.20\kotlin-tooling-core-2.4.20.jar;C:\Users\salaheddine.tobok\.m2\repository\org\jetbrains\kotlin\kotlin-compiler-embeddable\2.4.20\kotlin-compiler-embeddable-2.4.20.jar;C:\Users\salaheddine.tobok\.m2\repository\org\jetbrains\kotlin\kotlin-script-runtime\2.4.20\kotlin-script-runtime-2.4.20.jar;C:\Users\salaheddine.tobok\.m2\repository\org\jetbrains\kotlin\kotlin-reflect\1.6.10\kotlin-reflect-1.6.10.jar;C:\Users\salaheddine.tobok\.m2\repository\org\jetbrains\kotlin\kotlin-daemon-embeddable\2.4.20\kotlin-daemon-embeddable-2.4.20.jar;C:\Users\salaheddine.tobok\.m2\repository\org\jetbrains\kotlinx\kotlinx-coroutines-core-jvm\1.8.0\kotlinx-coroutines-core-jvm-1.8.0.jar;C:\Users\salaheddine.tobok\.m2\repository\org\jetbrains\kotlin\kotlin-compiler-runner\2.4.20\kotlin-compiler-runner-2.4.20.jar;C:\Users\salaheddine.tobok\.m2\repository\org\jetbrains\kotlin\kotlin-daemon-client\2.4.20\kotlin-daemon-client-2.4.20.jar;C:\Users\salaheddine.tobok\.m2\repository\org\jetbrains\kotlin\kotlin-scripting-compiler-embeddable\2.4.20\kotlin-scripting-compiler-embeddable-2.4.20.jar;C:\Users\salaheddine.tobok\.m2\repository\org\jetbrains\kotlin\kotlin-scripting-common\2.4.20\kotlin-scripting-common-2.4.20.jar;C:\Users\salaheddine.tobok\.m2\repository\org\jetbrains\kotlin\kotlin-scripting-jvm\2.4.20\kotlin-scripting-jvm-2.4.20.jar;C:\Users\salaheddine.tobok\.m2\repository\org\jetbrains\kotlin\kotlin-scripting-compiler-impl-embeddable\2.4.20\kotlin-scripting-compiler-impl-embeddable-2.4.20.jar
[INFO] #1 retrying connecting to the daemon 
[INFO] Options for KOTLIN DAEMON: CompilationOptions(compilerMode=NON_INCREMENTAL_COMPILER, targetPlatform=JVM, reportCategories=[0], reportSeverity=2, requestedCompilationResults=[0], kotlinScriptExtensions=null, generateCompilerRefIndex=false)
[INFO] 
[INFO] --- resources:3.3.1:testResources (default-testResources) @ kotlin-spring-boot-4-backend ---
[INFO] skip non existing resourceDirectory C:\Users\salaheddine.tobok\IdeaProjects\learn.webcodein.com\workshop\kotlin\kotlin-spring-boot-4-backend-guide\src\test\resources
[INFO] 
[INFO] --- compiler:3.14.1:testCompile (default-testCompile) @ kotlin-spring-boot-4-backend ---
[INFO] Recompiling the module because of changed dependency.
[INFO] 
[INFO] --- kotlin:2.4.20:test-compile (test-compile) @ kotlin-spring-boot-4-backend ---
[INFO] Applied plugin: 'spring'
[INFO] Options for KOTLIN DAEMON: CompilationOptions(compilerMode=NON_INCREMENTAL_COMPILER, targetPlatform=JVM, reportCategories=[0], reportSeverity=2, requestedCompilationResults=[0], kotlinScriptExtensions=null, generateCompilerRefIndex=false)
[INFO] 
[INFO] --- surefire:3.5.4:test (default-test) @ kotlin-spring-boot-4-backend ---
[INFO] Using auto detected provider org.apache.maven.surefire.junitplatform.JUnitPlatformProvider
[INFO] 
[INFO] -------------------------------------------------------
[INFO]  T E S T S
[INFO] -------------------------------------------------------
[INFO] Running com.webcodein.kotlin.KotlinApplicationTests
23:46:29.767 [main] INFO org.springframework.test.context.support.AnnotationConfigContextLoaderUtils -- Could not detect default configuration classes for test class [com.webcodein.kotlin.KotlinApplicationTests]: KotlinApplicationTests does not declare any static, non-private, non-final, nested classes annotated with @Configuration.
23:46:29.975 [main] INFO org.springframework.boot.test.context.SpringBootTestContextBootstrapper -- Found @SpringBootConfiguration com.webcodein.kotlin.KotlinApplication for test class com.webcodein.kotlin.KotlinApplicationTests

  .   ____          _            __ _ _
 /\\ / ___'_ __ _ _(_)_ __  __ _ \ \ \ \
( ( )\___ | '_ | '_| | '_ \/ _` | \ \ \ \
 \\/  ___)| |_)| | | | | || (_| |  ) ) ) )
  '  |____| .__|_| |_|_| |_\__, | / / / /
 =========|_|==============|___/=/_/_/_/

 :: Spring Boot ::                (v4.0.0)

2026-10-02T23:46:30.475+01:00  INFO 42340 --- [           main] c.w.kotlin.KotlinApplicationTests        : Starting KotlinApplicationTests using Java 27 with PID 42340 (started by salaheddine.tobok in C:\Users\salaheddine.tobok\IdeaProjects\learn.webcodein.com\workshop\kotlin\kotlin-spring-boot-4-backend-guide)
2026-10-02T23:46:30.479+01:00  INFO 42340 --- [           main] c.w.kotlin.KotlinApplicationTests        : No active profile set, falling back to 1 default profile: "default"
2026-10-02T23:46:32.151+01:00  INFO 42340 --- [           main] c.w.kotlin.KotlinApplicationTests        : Started KotlinApplicationTests in 1.965 seconds (process running for 3.462)
Mockito is currently self-attaching to enable the inline-mock-maker. This will no longer work in future releases of the JDK. Please add Mockito as an agent to your build as described in Mockito's documentation: https://javadoc.io/doc/org.mockito/mockito-core/latest/org.mockito/org/mockito/Mockito.html#0.3
OpenJDK 64-Bit Server VM warning: Sharing is only supported for boot loader classes because bootstrap classpath has been appended
WARNING: A Java agent has been loaded dynamically (C:\Users\salaheddine.tobok\.m2\repository\net\bytebuddy\byte-buddy-agent\1.17.8\byte-buddy-agent-1.17.8.jar)
WARNING: If a serviceability tool is in use, please run with -XX:+EnableDynamicAgentLoading to hide this warning
WARNING: If a serviceability tool is not in use, please run with -Djdk.instrument.traceUsage for more information
WARNING: Dynamic loading of agents will be disallowed by default in a future release
[INFO] Tests run: 1, Failures: 0, Errors: 0, Skipped: 0, Time elapsed: 3.399 s -- in com.webcodein.kotlin.KotlinApplicationTests
[INFO] 
[INFO] Results:
[INFO] 
[INFO] Tests run: 1, Failures: 0, Errors: 0, Skipped: 0
[INFO] 
[INFO] 
[INFO] --- jar:3.4.2:jar (default-jar) @ kotlin-spring-boot-4-backend ---
[INFO] Building jar: C:\Users\salaheddine.tobok\IdeaProjects\learn.webcodein.com\workshop\kotlin\kotlin-spring-boot-4-backend-guide\target\kotlin-spring-boot-4-backend-0.0.1-SNAPSHOT.jar
[INFO] 
[INFO] --- spring-boot:4.0.0:repackage (repackage) @ kotlin-spring-boot-4-backend ---
[INFO] Replacing main artifact C:\Users\salaheddine.tobok\IdeaProjects\learn.webcodein.com\workshop\kotlin\kotlin-spring-boot-4-backend-guide\target\kotlin-spring-boot-4-backend-0.0.1-SNAPSHOT.jar with repackaged archive, adding nested dependencies in BOOT-INF/.
[INFO] The original artifact has been renamed to C:\Users\salaheddine.tobok\IdeaProjects\learn.webcodein.com\workshop\kotlin\kotlin-spring-boot-4-backend-guide\target\kotlin-spring-boot-4-backend-0.0.1-SNAPSHOT.jar.original
[INFO] ------------------------------------------------------------------------
[INFO] BUILD SUCCESS
[INFO] ------------------------------------------------------------------------
[INFO] Total time:  16.808 s
[INFO] Finished at: 2026-10-02T23:46:34+01:00
[INFO] ------------------------------------------------------------------------
